Archive member included to satisfy reference by file (symbol)

/home/artyom/st/stm32cubeide_1.16.0_2/plugins/com.st.stm32cube.ide.mcu.externaltools.gnu-tools-for-stm32.12.3.rel1.linux64_1.0.200.202406132123/tools/bin/../lib/gcc/arm-none-eabi/12.3.1/../../../../arm-none-eabi/lib/thumb/v7e-m+fp/hard/libc_nano.a(libc_a-exit.o)
                              /home/artyom/st/stm32cubeide_1.16.0_2/plugins/com.st.stm32cube.ide.mcu.externaltools.gnu-tools-for-stm32.12.3.rel1.linux64_1.0.200.202406132123/tools/bin/../lib/gcc/arm-none-eabi/12.3.1/../../../../arm-none-eabi/lib/thumb/v7e-m+fp/hard/crt0.o (exit)
/home/artyom/st/stm32cubeide_1.16.0_2/plugins/com.st.stm32cube.ide.mcu.externaltools.gnu-tools-for-stm32.12.3.rel1.linux64_1.0.200.202406132123/tools/bin/../lib/gcc/arm-none-eabi/12.3.1/../../../../arm-none-eabi/lib/thumb/v7e-m+fp/hard/libc_nano.a(libc_a-findfp.o)
                              /home/artyom/st/stm32cubeide_1.16.0_2/plugins/com.st.stm32cube.ide.mcu.externaltools.gnu-tools-for-stm32.12.3.rel1.linux64_1.0.200.202406132123/tools/bin/../lib/gcc/arm-none-eabi/12.3.1/../../../../arm-none-eabi/lib/thumb/v7e-m+fp/hard/libc_nano.a(libc_a-exit.o) (__stdio_exit_handler)
/home/artyom/st/stm32cubeide_1.16.0_2/plugins/com.st.stm32cube.ide.mcu.externaltools.gnu-tools-for-stm32.12.3.rel1.linux64_1.0.200.202406132123/tools/bin/../lib/gcc/arm-none-eabi/12.3.1/../../../../arm-none-eabi/lib/thumb/v7e-m+fp/hard/libc_nano.a(libc_a-fwalk.o)
                              /home/artyom/st/stm32cubeide_1.16.0_2/plugins/com.st.stm32cube.ide.mcu.externaltools.gnu-tools-for-stm32.12.3.rel1.linux64_1.0.200.202406132123/tools/bin/../lib/gcc/arm-none-eabi/12.3.1/../../../../arm-none-eabi/lib/thumb/v7e-m+fp/hard/libc_nano.a(libc_a-findfp.o) (_fwalk_sglue)
/home/artyom/st/stm32cubeide_1.16.0_2/plugins/com.st.stm32cube.ide.mcu.externaltools.gnu-tools-for-stm32.12.3.rel1.linux64_1.0.200.202406132123/tools/bin/../lib/gcc/arm-none-eabi/12.3.1/../../../../arm-none-eabi/lib/thumb/v7e-m+fp/hard/libc_nano.a(libc_a-stdio.o)
                              /home/artyom/st/stm32cubeide_1.16.0_2/plugins/com.st.stm32cube.ide.mcu.externaltools.gnu-tools-for-stm32.12.3.rel1.linux64_1.0.200.202406132123/tools/bin/../lib/gcc/arm-none-eabi/12.3.1/../../../../arm-none-eabi/lib/thumb/v7e-m+fp/hard/libc_nano.a(libc_a-findfp.o) (__sread)
/home/artyom/st/stm32cubeide_1.16.0_2/plugins/com.st.stm32cube.ide.mcu.externaltools.gnu-tools-for-stm32.12.3.rel1.linux64_1.0.200.202406132123/tools/bin/../lib/gcc/arm-none-eabi/12.3.1/../../../../arm-none-eabi/lib/thumb/v7e-m+fp/hard/libc_nano.a(libc_a-memset.o)
                              /home/artyom/st/stm32cubeide_1.16.0_2/plugins/com.st.stm32cube.ide.mcu.externaltools.gnu-tools-for-stm32.12.3.rel1.linux64_1.0.200.202406132123/tools/bin/../lib/gcc/arm-none-eabi/12.3.1/../../../../arm-none-eabi/lib/thumb/v7e-m+fp/hard/crt0.o (memset)
/home/artyom/st/stm32cubeide_1.16.0_2/plugins/com.st.stm32cube.ide.mcu.externaltools.gnu-tools-for-stm32.12.3.rel1.linux64_1.0.200.202406132123/tools/bin/../lib/gcc/arm-none-eabi/12.3.1/../../../../arm-none-eabi/lib/thumb/v7e-m+fp/hard/libc_nano.a(libc_a-closer.o)
                              /home/artyom/st/stm32cubeide_1.16.0_2/plugins/com.st.stm32cube.ide.mcu.externaltools.gnu-tools-for-stm32.12.3.rel1.linux64_1.0.200.202406132123/tools/bin/../lib/gcc/arm-none-eabi/12.3.1/../../../../arm-none-eabi/lib/thumb/v7e-m+fp/hard/libc_nano.a(libc_a-stdio.o) (_close_r)
/home/artyom/st/stm32cubeide_1.16.0_2/plugins/com.st.stm32cube.ide.mcu.externaltools.gnu-tools-for-stm32.12.3.rel1.linux64_1.0.200.202406132123/tools/bin/../lib/gcc/arm-none-eabi/12.3.1/../../../../arm-none-eabi/lib/thumb/v7e-m+fp/hard/libc_nano.a(libc_a-reent.o)
                              /home/artyom/st/stm32cubeide_1.16.0_2/plugins/com.st.stm32cube.ide.mcu.externaltools.gnu-tools-for-stm32.12.3.rel1.linux64_1.0.200.202406132123/tools/bin/../lib/gcc/arm-none-eabi/12.3.1/../../../../arm-none-eabi/lib/thumb/v7e-m+fp/hard/libc_nano.a(libc_a-closer.o) (errno)
/home/artyom/st/stm32cubeide_1.16.0_2/plugins/com.st.stm32cube.ide.mcu.externaltools.gnu-tools-for-stm32.12.3.rel1.linux64_1.0.200.202406132123/tools/bin/../lib/gcc/arm-none-eabi/12.3.1/../../../../arm-none-eabi/lib/thumb/v7e-m+fp/hard/libc_nano.a(libc_a-impure.o)
                              /home/artyom/st/stm32cubeide_1.16.0_2/plugins/com.st.stm32cube.ide.mcu.externaltools.gnu-tools-for-stm32.12.3.rel1.linux64_1.0.200.202406132123/tools/bin/../lib/gcc/arm-none-eabi/12.3.1/../../../../arm-none-eabi/lib/thumb/v7e-m+fp/hard/libc_nano.a(libc_a-reent.o) (_impure_ptr)
/home/artyom/st/stm32cubeide_1.16.0_2/plugins/com.st.stm32cube.ide.mcu.externaltools.gnu-tools-for-stm32.12.3.rel1.linux64_1.0.200.202406132123/tools/bin/../lib/gcc/arm-none-eabi/12.3.1/../../../../arm-none-eabi/lib/thumb/v7e-m+fp/hard/libc_nano.a(libc_a-lseekr.o)
[...]
Memory Configuration

Name             Origin             Length             Attributes
RAM              0x20000000         0x00020000         xrw
FLASH            0x08000000         0x00080000         xr
*default*        0x00000000         0xffffffff

Linker script and memory map

LOAD /home/artyom/st/stm32cubeide_1.16.0_2/plugins/com.st.stm32cube.ide.mcu.externaltools.gnu-tools-for-stm32.12.3.rel1.linux64_1.0.200.202406132123/tools/bin/../lib/gcc/arm-none-eabi/12.3.1/thumb/v7e-m+fp/hard/crti.o
LOAD /home/artyom/st/stm32cubeide_1.16.0_2/plugins/com.st.stm32cube.ide.mcu.externaltools.gnu-tools-for-stm32.12.3.rel1.linux64_1.0.200.202406132123/tools/bin/../lib/gcc/arm-none-eabi/12.3.1/thumb/v7e-m+fp/hard/crtbegin.o
LOAD /home/artyom/st/stm32cubeide_1.16.0_2/plugins/com.st.stm32cube.ide.mcu.externaltools.gnu-tools-for-stm32.12.3.rel1.linux64_1.0.200.202406132123/tools/bin/../lib/gcc/arm-none-eabi/12.3.1/../../../../arm-none-eabi/lib/thumb/v7e-m+fp/hard/crt0.o
LOAD ./Src/adc.o
LOAD ./Src/exti.o
LOAD ./Src/i2c.o
LOAD ./Src/lcd1602.o
LOAD ./Src/main.o
LOAD ./Src/syscalls.o
LOAD ./Src/sysmem.o
LOAD ./Src/systick.o
LOAD ./Src/tim.o
LOAD ./Src/uart.o
LOAD ./Startup/startup_stm32f411retx.o
START GROUP
LOAD /home/artyom/st/stm32cubeide_1.16.0_2/plugins/com.st.stm32cube.ide.mcu.externaltools.gnu-tools-for-stm32.12.3.rel1.linux64_1.0.200.202406132123/tools/bin/../lib/gcc/arm-none-eabi/12.3.1/../../../../arm-none-eabi/lib/thumb/v7e-m+fp/hard/libc_nano.a
LOAD /home/artyom/st/stm32cubeide_1.16.0_2/plugins/com.st.stm32cube.ide.mcu.externaltools.gnu-tools-for-stm32.12.3.rel1.linux64_1.0.200.202406132123/tools/bin/../lib/gcc/arm-none-eabi/12.3.1/../../../../arm-none-eabi/lib/thumb/v7e-m+fp/hard/libm.a
END GROUP
START GROUP
LOAD /home/artyom/st/stm32cubeide_1.16.0_2/plugins/com.st.stm32cube.ide.mcu.externaltools.gnu-tools-for-stm32.12.3.rel1.linux64_1.0.200.202406132123/tools/bin/../lib/gcc/arm-none-eabi/12.3.1/thumb/v7e-m+fp/hard/libgcc.a
LOAD /home/artyom/st/stm32cubeide_1.16.0_2/plugins/com.st.stm32cube.ide.mcu.externaltools.gnu-tools-for-stm32.12.3.rel1.linux64_1.0.200.202406132123/tools/bin/../lib/gcc/arm-none-eabi/12.3.1/../../../../arm-none-eabi/lib/thumb/v7e-m+fp/hard/libc_nano.a
END GROUP
START GROUP
LOAD /home/artyom/st/stm32cubeide_1.16.0_2/plugins/com.st.stm32cube.ide.mcu.externaltools.gnu-tools-for-stm32.12.3.rel1.linux64_1.0.200.202406132123/tools/bin/../lib/gcc/arm-none-eabi/12.3.1/thumb/v7e-m+fp/hard/libgcc.a
LOAD /home/artyom/st/stm32cubeide_1.16.0_2/plugins/com.st.stm32cube.ide.mcu.externaltools.gnu-tools-for-stm32.12.3.rel1.linux64_1.0.200.202406132123/tools/bin/../lib/gcc/arm-none-eabi/12.3.1/../../../../arm-none-eabi/lib/thumb/v7e-m+fp/hard/libc_nano.a
LOAD /home/artyom/st/stm32cubeide_1.16.0_2/plugins/com.st.stm32cube.ide.mcu.externaltools.gnu-tools-for-stm32.12.3.rel1.linux64_1.0.200.202406132123/tools/bin/../lib/gcc/arm-none-eabi/12.3.1/../../../../arm-none-eabi/lib/thumb/v7e-m+fp/hard/libnosys.a
END GROUP
START GROUP
LOAD /home/artyom/st/stm32cubeide_1.16.0_2/plugins/com.st.stm32cube.ide.mcu.externaltools.gnu-tools-for-stm32.12.3.rel1.linux64_1.0.200.202406132123/tools/bin/../lib/gcc/arm-none-eabi/12.3.1/thumb/v7e-m+fp/hard/libgcc.a
LOAD /home/artyom/st/stm32cubeide_1.16.0_2/plugins/com.st.stm32cube.ide.mcu.externaltools.gnu-tools-for-stm32.12.3.rel1.linux64_1.0.200.202406132123/tools/bin/../lib/gcc/arm-none-eabi/12.3.1/../../../../arm-none-eabi/lib/thumb/v7e-m+fp/hard/libc_nano.a
LOAD /home/artyom/st/stm32cubeide_1.16.0_2/plugins/com.st.stm32cube.ide.mcu.externaltools.gnu-tools-for-stm32.12.3.rel1.linux64_1.0.200.202406132123/tools/bin/../lib/gcc/arm-none-eabi/12.3.1/../../../../arm-none-eabi/lib/thumb/v7e-m+fp/hard/libnosys.a
END GROUP
LOAD /home/artyom/st/stm32cubeide_1.16.0_2/plugins/com.st.stm32cube.ide.mcu.externaltools.gnu-tools-for-stm32.12.3.rel1.linux64_1.0.200.202406132123/tools/bin/../lib/gcc/arm-none-eabi/12.3.1/thumb/v7e-m+fp/hard/crtend.o
LOAD /home/artyom/st/stm32cubeide_1.16.0_2/plugins/com.st.stm32cube.ide.mcu.externaltools.gnu-tools-for-stm32.12.3.rel1.linux64_1.0.200.202406132123/tools/bin/../lib/gcc/arm-none-eabi/12.3.1/thumb/v7e-m+fp/hard/crtn.o
                0x20020000                        _estack = (ORIGIN (RAM) + LENGTH (RAM))
                0x00000200                        _Min_Heap_Size = 0x200
                0x00000400                        _Min_Stack_Size = 0x400

.isr_vector     0x08000000      0x198
                0x08000000                        . = ALIGN (0x4)
 *(.isr_vector)
 .isr_vector    0x08000000      0x198 ./Startup/startup_stm32f411retx.o
                0x08000000                g_pfnVectors
                0x08000198                        . = ALIGN (0x4)

.text           0x08000198      0x508
                0x08000198                        . = ALIGN (0x4)
 *(.text)
 .text          0x08000198       0x40 /home/artyom/st/stm32cubeide_1.16.0_2/plugins/com.st.stm32cube.ide.mcu.externaltools.gnu-tools-for-stm32.12.3.rel1.linux64_1.0.200.202406132123/tools/bin/../lib/gcc/arm-none-eabi/12.3.1/thumb/v7e-m+fp/hard/crtbegin.o
 *(.text*)
 .text.I2C1_init
                0x080001d8      0x140 ./Src/i2c.o
                0x080001d8                I2C1_init
 .text.I2C1_burstWrite
                0x08000318       0xc4 ./Src/i2c.o
                0x08000318                I2C1_burstWrite
 .text.lcd_send_cmd
                0x080003dc       0x54 ./Src/lcd1602.o
                0x080003dc                lcd_send_cmd
 .text.lcd_send_data
                0x08000430       0x56 ./Src/lcd1602.o
                0x08000430                lcd_send_data
 .text.lcd_init
                0x08000486       0x78 ./Src/lcd1602.o
                0x08000486                lcd_init
 .text.lcd_send_string
                0x080004fe       0x2a ./Src/lcd1602.o
                0x080004fe                lcd_send_string
 .text.lcd_put_cur
                0x08000528       0x3e ./Src/lcd1602.o
                0x08000528                lcd_put_cur
 *fill*         0x08000566        0x2 
 .text.main     0x08000568       0x30 ./Src/main.o
                0x08000568                main
 .text.systickDelayMs
                0x08000598       0x54 ./Src/systick.o
                0x08000598                systickDelayMs
 .text.Reset_Handler
                0x080005ec       0x50 ./Startup/startup_stm32f411retx.o
                0x080005ec                Reset_Handler
 .text.Default_Handler
                0x0800063c        0x2 ./Startup/startup_stm32f411retx.o
                0x0800063c                RTC_Alarm_IRQHandler
                0x0800063c                EXTI2_IRQHandler
                0x0800063c                DebugMon_Handler
                0x0800063c                SPI4_IRQHandler
                0x0800063c                TIM1_CC_IRQHandler
                0x0800063c                DMA2_Stream5_IRQHandler
                0x0800063c                HardFault_Handler
                0x0800063c                DMA1_Stream5_IRQHandler
                0x0800063c                SysTick_Handler
                0x0800063c                PVD_IRQHandler
                0x0800063c                SDIO_IRQHandler
                0x0800063c                TAMP_STAMP_IRQHandler
                0x0800063c                PendSV_Handler
                0x0800063c                NMI_Handler
                0x0800063c                EXTI3_IRQHandler
                0x0800063c                TIM1_UP_TIM10_IRQHandler
                0x0800063c                I2C3_ER_IRQHandler
                0x0800063c                EXTI0_IRQHandler
                0x0800063c                I2C2_EV_IRQHandler
                0x0800063c                DMA1_Stream2_IRQHandler
                0x0800063c                UsageFault_Handler
                0x0800063c                DMA2_Stream2_IRQHandler
                0x0800063c                SPI1_IRQHandler
                0x0800063c                TIM1_BRK_TIM9_IRQHandler
                0x0800063c                DMA2_Stream3_IRQHandler
                0x0800063c                USART6_IRQHandler
                0x0800063c                DMA2_Stream0_IRQHandler
                0x0800063c                TIM4_IRQHandler
                0x0800063c                I2C1_EV_IRQHandler
                0x0800063c                DMA1_Stream6_IRQHandler
                0x0800063c                DMA1_Stream1_IRQHandler
                0x0800063c                TIM3_IRQHandler
                0x0800063c                RCC_IRQHandler
                0x0800063c                Default_Handler
                0x0800063c                EXTI15_10_IRQHandler
                0x0800063c                ADC_IRQHandler
                0x0800063c                DMA1_Stream7_IRQHandler
                0x0800063c                SPI5_IRQHandler
                0x0800063c                TIM5_IRQHandler
                0x0800063c                DMA2_Stream7_IRQHandler
                0x0800063c                I2C3_EV_IRQHandler
                0x0800063c                EXTI9_5_IRQHandler
                0x0800063c                RTC_WKUP_IRQHandler
                0x0800063c                SPI2_IRQHandler
                0x0800063c                MemManage_Handler
                0x0800063c                DMA1_Stream0_IRQHandler
                0x0800063c                SVC_Handler
                0x0800063c                EXTI4_IRQHandler
                0x0800063c                WWDG_IRQHandler
                0x0800063c                TIM2_IRQHandler
                0x0800063c                OTG_FS_WKUP_IRQHandler
                0x0800063c                TIM1_TRG_COM_TIM11_IRQHandler
                0x0800063c                EXTI1_IRQHandler
                0x0800063c                USART2_IRQHandler
                0x0800063c                I2C2_ER_IRQHandler
                0x0800063c                DMA2_Stream1_IRQHandler
                0x0800063c                FLASH_IRQHandler
                0x0800063c                DMA2_Stream4_IRQHandler
                0x0800063c                BusFault_Handler
                0x0800063c                USART1_IRQHandler
                0x0800063c                OTG_FS_IRQHandler
                0x0800063c                SPI3_IRQHandler
                0x0800063c                DMA1_Stream4_IRQHandler
                0x0800063c                I2C1_ER_IRQHandler
                0x0800063c                DMA2_Stream6_IRQHandler
                0x0800063c                DMA1_Stream3_IRQHandler
 *fill*         0x0800063e        0x2 
 .text.__libc_init_array
                0x08000640       0x48 /home/artyom/st/stm32cubeide_1.16.0_2/plugins/com.st.stm32cube.ide.mcu.externaltools.gnu-tools-for-stm32.12.3.rel1.linux64_1.0.200.202406132123/tools/bin/../lib/gcc/arm-none-eabi/12.3.1/../../../../arm-none-eabi/lib/thumb/v7e-m+fp/hard/libc_nano.a(libc_a-init.o)
                0x08000640                __libc_init_array
 *(.glue_7)
 .glue_7        0x08000688        0x0 linker stubs
 *(.glue_7t)
 .glue_7t       0x08000688        0x0 linker stubs
 *(.eh_frame)
 .eh_frame      0x08000688        0x0 /home/artyom/st/stm32cubeide_1.16.0_2/plugins/com.st.stm32cube.ide.mcu.externaltools.gnu-tools-for-stm32.12.3.rel1.linux64_1.0.200.202406132123/tools/bin/../lib/gcc/arm-none-eabi/12.3.1/thumb/v7e-m+fp/hard/crtbegin.o
 *(.init)
 .init          0x08000688        0x4 /home/artyom/st/stm32cubeide_1.16.0_2/plugins/com.st.stm32cube.ide.mcu.externaltools.gnu-tools-for-stm32.12.3.rel1.linux64_1.0.200.202406132123/tools/bin/../lib/gcc/arm-none-eabi/12.3.1/thumb/v7e-m+fp/hard/crti.o
                0x08000688                _init
 .init          0x0800068c        0x8 /home/artyom/st/stm32cubeide_1.16.0_2/plugins/com.st.stm32cube.ide.mcu.externaltools.gnu-tools-for-stm32.12.3.rel1.linux64_1.0.200.202406132123/tools/bin/../lib/gcc/arm-none-eabi/12.3.1/thumb/v7e-m+fp/hard/crtn.o
 *(.fini)
 .fini          0x08000694        0x4 /home/artyom/st/stm32cubeide_1.16.0_2/plugins/com.st.stm32cube.ide.mcu.externaltools.gnu-tools-for-stm32.12.3.rel1.linux64_1.0.200.202406132123/tools/bin/../lib/gcc/arm-none-eabi/12.3.1/thumb/v7e-m+fp/hard/crti.o
                0x08000694                _fini
 .fini          0x08000698        0x8 /home/artyom/st/stm32cubeide_1.16.0_2/plugins/com.st.stm32cube.ide.mcu.externaltools.gnu-tools-for-stm32.12.3.rel1.linux64_1.0.200.202406132123/tools/bin/../lib/gcc/arm-none-eabi/12.3.1/thumb/v7e-m+fp/hard/crtn.o
                0x080006a0                        . = ALIGN (0x4)
                0x080006a0                        _etext = .

.vfp11_veneer   0x080006a0        0x0
 .vfp11_veneer  0x080006a0        0x0 linker stubs

.v4_bx          0x080006a0        0x0
 .v4_bx         0x080006a0        0x0 linker stubs

.iplt           0x080006a0        0x0
 .iplt          0x080006a0        0x0 /home/artyom/st/stm32cubeide_1.16.0_2/plugins/com.st.stm32cube.ide.mcu.externaltools.gnu-tools-for-stm32.12.3.rel1.linux64_1.0.200.202406132123/tools/bin/../lib/gcc/arm-none-eabi/12.3.1/thumb/v7e-m+fp/hard/crtbegin.o

.rodata         0x080006a0       0x18
                0x080006a0                        . = ALIGN (0x4)
 *(.rodata)
 .rodata        0x080006a0       0x15 ./Src/main.o
 *(.rodata*)
                0x080006b8                        . = ALIGN (0x4)
 *fill*         0x080006b5        0x3 

.ARM.extab      0x080006b8        0x0
                0x080006b8                        . = ALIGN (0x4)
 *(.ARM.extab* .gnu.linkonce.armextab.*)
                0x080006b8                        . = ALIGN (0x4)

.ARM            0x080006b8        0x0
                0x080006b8                        . = ALIGN (0x4)
                0x080006b8                        __exidx_start = .
 *(.ARM.exidx*)
                0x080006b8                        __exidx_end = .
                0x080006b8                        . = ALIGN (0x4)

.preinit_array  0x080006b8        0x0
                0x080006b8                        . = ALIGN (0x4)
                0x080006b8                        PROVIDE (__preinit_array_start = .)
 *(.preinit_array*)
                0x080006b8                        PROVIDE (__preinit_array_end = .)
                0x080006b8                        . = ALIGN (0x4)

.init_array     0x080006b8        0x4
                0x080006b8                        . = ALIGN (0x4)
                0x080006b8                        PROVIDE (__init_array_start = .)
 *(SORT_BY_NAME(.init_array.*))
 *(.init_array*)
 .init_array    0x080006b8        0x4 /home/artyom/st/stm32cubeide_1.16.0_2/plugins/com.st.stm32cube.ide.mcu.externaltools.gnu-tools-for-stm32.12.3.rel1.linux64_1.0.200.202406132123/tools/bin/../lib/gcc/arm-none-eabi/12.3.1/thumb/v7e-m+fp/hard/crtbegin.o
                0x080006bc                        PROVIDE (__init_array_end = .)
                0x080006bc                        . = ALIGN (0x4)

.fini_array     0x080006bc        0x4
                0x080006bc                        . = ALIGN (0x4)
                [!provide]                        PROVIDE (__fini_array_start = .)
 *(SORT_BY_NAME(.fini_array.*))
 *(.fini_array*)
 .fini_array    0x080006bc        0x4 /home/artyom/st/stm32cubeide_1.16.0_2/plugins/com.st.stm32cube.ide.mcu.externaltools.gnu-tools-for-stm32.12.3.rel1.linux64_1.0.200.202406132123/tools/bin/../lib/gcc/arm-none-eabi/12.3.1/thumb/v7e-m+fp/hard/crtbegin.o
                [!provide]                        PROVIDE (__fini_array_end = .)
                0x080006c0                        . = ALIGN (0x4)
                0x080006c0                        _sidata = LOADADDR (.data)

.rel.dyn        0x080006c0        0x0
 .rel.iplt      0x080006c0        0x0 /home/artyom/st/stm32cubeide_1.16.0_2/plugins/com.st.stm32cube.ide.mcu.externaltools.gnu-tools-for-stm32.12.3.rel1.linux64_1.0.200.202406132123/tools/bin/../lib/gcc/arm-none-eabi/12.3.1/thumb/v7e-m+fp/hard/crtbegin.o

.data           0x20000000        0x0 load address 0x080006c0
                0x20000000                        . = ALIGN (0x4)
                0x20000000                        _sdata = .
 *(.data)
 *(.data*)
 *(.RamFunc)
 *(.RamFunc*)
                0x20000000                        . = ALIGN (0x4)
                0x20000000                        _edata = .

.igot.plt       0x20000000        0x0 load address 0x080006c0
 .igot.plt      0x20000000        0x0 /home/artyom/st/stm32cubeide_1.16.0_2/plugins/com.st.stm32cube.ide.mcu.externaltools.gnu-tools-for-stm32.12.3.rel1.linux64_1.0.200.202406132123/tools/bin/../lib/gcc/arm-none-eabi/12.3.1/thumb/v7e-m+fp/hard/crtbegin.o
                0x20000000                        . = ALIGN (0x4)

.bss            0x20000000       0x1c load address 0x080006c0
                0x20000000                        _sbss = .
                0x20000000                        __bss_start__ = _sbss
 *(.bss)
 .bss           0x20000000       0x1c /home/artyom/st/stm32cubeide_1.16.0_2/plugins/com.st.stm32cube.ide.mcu.externaltools.gnu-tools-for-stm32.12.3.rel1.linux64_1.0.200.202406132123/tools/bin/../lib/gcc/arm-none-eabi/12.3.1/thumb/v7e-m+fp/hard/crtbegin.o
 *(.bss*)
 *(COMMON)
                0x2000001c                        . = ALIGN (0x4)
                0x2000001c                        _ebss = .
                0x2000001c                        __bss_end__ = _ebss

._user_heap_stack
                0x2000001c      0x604 load address 0x080006c0
                0x20000020                        . = ALIGN (0x8)
 *fill*         0x2000001c        0x4 
                [!provide]                        PROVIDE (end = .)
                0x20000020                        PROVIDE (_end = .)
                0x20000220                        . = (. + _Min_Heap_Size)
 *fill*         0x20000020      0x200 
                0x20000620                        . = (. + _Min_Stack_Size)
 *fill*         0x20000220      0x400 
                0x20000620                        . = ALIGN (0x8)

/DISCARD/
 libc.a(*)
 libm.a(*)
 libgcc.a(*)

.ARM.attributes
                0x00000000       0x30
 *(.ARM.attributes)
 .ARM.attributes
                0x00000000       0x22 /home/artyom/st/stm32cubeide_1.16.0_2/plugins/com.st.stm32cube.ide.mcu.externaltools.gnu-tools-for-stm32.12.3.rel1.linux64_1.0.200.202406132123/tools/bin/../lib/gcc/arm-none-eabi/12.3.1/thumb/v7e-m+fp/hard/crti.o
 .ARM.attributes
                0x00000022       0x34 /home/artyom/st/stm32cubeide_1.16.0_2/plugins/com.st.stm32cube.ide.mcu.externaltools.gnu-tools-for-stm32.12.3.rel1.linux64_1.0.200.202406132123/tools/bin/../lib/gcc/arm-none-eabi/12.3.1/thumb/v7e-m+fp/hard/crtbegin.o
 .ARM.attributes
                0x00000056       0x34 ./Src/i2c.o
 .ARM.attributes
                0x0000008a       0x34 ./Src/lcd1602.o
 .ARM.attributes
                0x000000be       0x34 ./Src/main.o
 .ARM.attributes
                0x000000f2       0x34 ./Src/systick.o
 .ARM.attributes
                0x00000126       0x21 ./Startup/startup_stm32f411retx.o
 .ARM.attributes
                0x00000147       0x34 /home/artyom/st/stm32cubeide_1.16.0_2/plugins/com.st.stm32cube.ide.mcu.externaltools.gnu-tools-for-stm32.12.3.rel1.linux64_1.0.200.202406132123/tools/bin/../lib/gcc/arm-none-eabi/12.3.1/../../../../arm-none-eabi/lib/thumb/v7e-m+fp/hard/libc_nano.a(libc_a-init.o)
 .ARM.attributes
                0x0000017b       0x22 /home/artyom/st/stm32cubeide_1.16.0_2/plugins/com.st.stm32cube.ide.mcu.externaltools.gnu-tools-for-stm32.12.3.rel1.linux64_1.0.200.202406132123/tools/bin/../lib/gcc/arm-none-eabi/12.3.1/thumb/v7e-m+fp/hard/crtn.o
OUTPUT(21_I2C.elf elf32-littlearm)
LOAD linker stubs
LOAD /home/artyom/st/stm32cubeide_1.16.0_2/plugins/com.st.stm32cube.ide.mcu.externaltools.gnu-tools-for-stm32.12.3.rel1.linux64_1.0.200.202406132123/tools/bin/../lib/gcc/arm-none-eabi/12.3.1/../../../../arm-none-eabi/lib/thumb/v7e-m+fp/hard/libc.a
LOAD /home/artyom/st/stm32cubeide_1.16.0_2/plugins/com.st.stm32cube.ide.mcu.externaltools.gnu-tools-for-stm32.12.3.rel1.linux64_1.0.200.202406132123/tools/bin/../lib/gcc/arm-none-eabi/12.3.1/../../../../arm-none-eabi/lib/thumb/v7e-m+fp/hard/libm.a
LOAD /home/artyom/st/stm32cubeide_1.16.0_2/plugins/com.st.stm32cube.ide.mcu.externaltools.gnu-tools-for-stm32.12.3.rel1.linux64_1.0.200.202406132123/tools/bin/../lib/gcc/arm-none-eabi/12.3.1/thumb/v7e-m+fp/hard/libgcc.a

.debug_info     0x00000000      0x8d7
 .debug_info    0x00000000      0x49a ./Src/i2c.o
 .debug_info    0x0000049a      0x1f1 ./Src/lcd1602.o
 .debug_info    0x0000068b       0xf4 ./Src/main.o
 .debug_info    0x0000077f      0x128 ./Src/systick.o
 .debug_info    0x000008a7       0x30 ./Startup/startup_stm32f411retx.o

.debug_abbrev   0x00000000      0x3b9
 .debug_abbrev  0x00000000      0x11a ./Src/i2c.o
 .debug_abbrev  0x0000011a      0x11d ./Src/lcd1602.o
 .debug_abbrev  0x00000237       0x76 ./Src/main.o
 .debug_abbrev  0x000002ad       0xe8 ./Src/systick.o
 .debug_abbrev  0x00000395       0x24 ./Startup/startup_stm32f411retx.o

.debug_aranges  0x00000000       0xe8
 .debug_aranges
                0x00000000       0x38 ./Src/i2c.o
 .debug_aranges
                0x00000038       0x40 ./Src/lcd1602.o
 .debug_aranges
                0x00000078       0x20 ./Src/main.o
 .debug_aranges
                0x00000098       0x28 ./Src/systick.o
 .debug_aranges
                0x000000c0       0x28 ./Startup/startup_stm32f411retx.o

.debug_rnglists
                0x00000000       0x99
 .debug_rnglists
                0x00000000       0x29 ./Src/i2c.o
 .debug_rnglists
                0x00000029       0x2b ./Src/lcd1602.o
 .debug_rnglists
                0x00000054       0x13 ./Src/main.o
 .debug_rnglists
                0x00000067       0x19 ./Src/systick.o
 .debug_rnglists
                0x00000080       0x19 ./Startup/startup_stm32f411retx.o

.debug_macro    0x00000000     0x10dc
 .debug_macro   0x00000000      0x12c ./Src/i2c.o
 .debug_macro   0x0000012c       0xe8 ./Src/lcd1602.o
 .debug_macro   0x00000214      0x1ed ./Src/main.o
 .debug_macro   0x00000401       0x5b ./Src/main.o
 .debug_macro   0x0000045c       0x2a ./Src/main.o
 .debug_macro   0x00000486       0x94 ./Src/main.o
 .debug_macro   0x0000051a       0x43 ./Src/main.o
 .debug_macro   0x0000055d       0x34 ./Src/main.o
 .debug_macro   0x00000591       0x16 ./Src/main.o
 .debug_macro   0x000005a7       0x57 ./Src/main.o
 .debug_macro   0x000005fe       0x9e ./Src/main.o
 .debug_macro   0x0000069c      0x369 ./Src/main.o
 .debug_macro   0x00000a05      0x10b ./Src/main.o
 .debug_macro   0x00000b10       0x10 ./Src/main.o
 .debug_macro   0x00000b20       0x16 ./Src/main.o
 .debug_macro   0x00000b36       0x43 ./Src/main.o
 .debug_macro   0x00000b79       0x34 ./Src/main.o
 .debug_macro   0x00000bad       0x10 ./Src/main.o
 .debug_macro   0x00000bbd       0x58 ./Src/main.o
 .debug_macro   0x00000c15       0x8e ./Src/main.o
 .debug_macro   0x00000ca3       0x1c ./Src/main.o
 .debug_macro   0x00000cbf      0x177 ./Src/main.o
 .debug_macro   0x00000e36       0x16 ./Src/main.o
 .debug_macro   0x00000e4c       0x16 ./Src/main.o
 .debug_macro   0x00000e62      0x146 ./Src/main.o
 .debug_macro   0x00000fa8       0x1c ./Src/main.o
 .debug_macro   0x00000fc4       0x16 ./Src/main.o
 .debug_macro   0x00000fda       0x10 ./Src/main.o
 .debug_macro   0x00000fea       0xf2 ./Src/systick.o

.debug_line     0x00000000     0x1992
 .debug_line    0x00000000      0x899 ./Src/i2c.o
 .debug_line    0x00000899      0x551 ./Src/lcd1602.o
 .debug_line    0x00000dea      0x637 ./Src/main.o
 .debug_line    0x00001421      0x4f6 ./Src/systick.o
 .debug_line    0x00001917       0x7b ./Startup/startup_stm32f411retx.o

.debug_str      0x00000000    0x53b10
 .debug_str     0x00000000    0x4fe5c ./Src/i2c.o
                              0x4ffcf (size before relaxing)
 .debug_str     0x0004fe5c       0xa2 ./Src/lcd1602.o
                              0x4fdde (size before relaxing)
 .debug_str     0x0004fefe     0x3ab3 ./Src/main.o
                              0x53892 (size before relaxing)
 .debug_str     0x000539b1       0xee ./Src/systick.o
                              0x4fe1e (size before relaxing)
 .debug_str     0x00053a9f       0x71 ./Startup/startup_stm32f411retx.o

.comment        0x00000000       0x43
 .comment       0x00000000       0x43 ./Src/i2c.o
                                 0x44 (size before relaxing)
 .comment       0x00000043       0x44 ./Src/lcd1602.o
 .comment       0x00000043       0x44 ./Src/main.o
 .comment       0x00000043       0x44 ./Src/systick.o

.debug_frame    0x00000000      0x214
 .debug_frame   0x00000000       0xa8 ./Src/i2c.o
 .debug_frame   0x000000a8       0xbc ./Src/lcd1602.o
 .debug_frame   0x00000164       0x2c ./Src/main.o
 .debug_frame   0x00000190       0x58 ./Src/systick.o
 .debug_frame   0x000001e8       0x2c /home/artyom/st/stm32cubeide_1.16.0_2/plugins/com.st.stm32cube.ide.mcu.externaltools.gnu-tools-for-stm32.12.3.rel1.linux64_1.0.200.202406132123/tools/bin/../lib/gcc/arm-none-eabi/12.3.1/../../../../arm-none-eabi/lib/thumb/v7e-m+fp/hard/libc_nano.a(libc_a-init.o)

.debug_line_str
                0x00000000       0x55
 .debug_line_str
                0x00000000       0x55 ./Startup/startup_stm32f411retx.o
